{"ts": "2026-09-27 20:18:35", "level": "INFO", "logger": "app.audit", "message": "audit CREATED", "ticket_id": 3, "actor": "manager_ivanov", "event": "CREATED", "new_value": "UNPROCESSED", "comment": "Заявка создана по предупреждению объекта OBJ-101"}
{"ts": "2026-09-27 20:18:35", "level": "INFO", "logger": "app.audit", "message": "audit NOTIFY", "event": "NOTIFY", "ticket_id": 3, "actor": "engineer_kuznetsov", "notification_event": "CREATED", "status": "sent"}
{"ts": "2026-09-27 20:18:35", "level": "INFO", "logger": "app.audit", "message": "audit CREATED", "ticket_id": 4, "actor": "manager_ivanov", "event": "CREATED", "new_value": "UNPROCESSED", "comment": "Заявка создана по предупреждению объекта OBJ-101"}
{"ts": "2026-09-27 20:18:35", "level": "INFO", "logger": "app.audit", "message": "audit NOTIFY", "event": "NOTIFY", "ticket_id": 4, "actor": "engineer_kuznetsov", "notification_event": "CREATED", "status": "sent"}
{"ts": "2026-09-27 20:18:35", "level": "INFO", "logger": "app.audit", "message": "audit CREATED", "ticket_id": 5, "actor": "manager_ivanov", "event": "CREATED", "new_value": "UNPROCESSED", "comment": "Заявка создана по предупреждению объекта OBJ-101"}
{"ts": "2026-09-27 20:18:35", "level": "INFO", "logger": "app.audit", "message": "audit NOTIFY", "event": "NOTIFY", "ticket_id": 5, "actor": "engineer_kuznetsov", "notification_event": "CREATED", "status": "sent"}
{"ts": "2026-09-27 20:18:51", "level": "INFO", "logger": "app.audit", "message": "audit CREATED", "ticket_id": 1, "actor": "manager_ivanov", "event": "CREATED", "new_value": "UNPROCESSED", "comment": "Заявка создана по предупреждению объекта OBJ-101"}
{"ts": "2026-09-27 20:18:51", "level": "INFO", "logger": "app.audit", "message": "audit NOTIFY", "event": "NOTIFY", "ticket_id": 1, "actor": "engineer_kuznetsov", "notification_event": "CREATED", "status": "sent"}
{"ts": "2026-09-27 20:18:51", "level": "INFO", "logger": "app.audit", "message": "audit CREATED", "ticket_id": 1, "actor": "manager_ivanov", "event": "CREATED", "new_value": "UNPROCESSED", "comment": "Заявка создана по предупреждению объекта OBJ-101"}
{"ts": "2026-09-27 20:18:51", "level": "INFO", "logger": "app.audit", "message": "audit NOTIFY", "event": "NOTIFY", "ticket_id": 1, "actor": "engineer_kuznetsov", "notification_event": "CREATED", "status": "sent"}
{"ts": "2026-09-27 20:18:51", "level": "INFO", "logger": "app.audit", "message": "audit CREATED", "ticket_id": 1, "actor": "manager_ivanov", "event": "CREATED", "new_value": "UNPROCESSED", "comment": "Заявка создана по предупреждению объекта OBJ-101"}
{"ts": "2026-09-27 20:18:51", "level": "INFO", "logger": "app.audit", "message": "audit NOTIFY", "event": "NOTIFY", "ticket_id": 1, "actor": "engineer_kuznetsov", "notification_event": "CREATED", "status": "sent"}
{"ts": "2026-09-27 20:18:51", "level": "INFO", "logger": "app.audit", "message": "audit CREATED", "ticket_id": 1, "actor": "manager_ivanov", "event": "CREATED", "new_value": "UNPROCESSED", "comment": "Заявка создана по предупреждению объекта OBJ-101"}
{"ts": "2026-09-27 20:18:51", "level": "INFO", "logger": "app.audit", "message": "audit NOTIFY", "event": "NOTIFY", "ticket_id": 1, "actor": "ghost_user", "notification_event": "CREATED", "status": "sent"}
{"ts": "2026-09-27 20:18:51", "level": "INFO", "logger": "app.audit", "message": "audit CREATED", "ticket_id": 1, "actor": "manager_ivanov", "event": "CREATED", "new_value": "UNPROCESSED", "comment": "Заявка создана по предупреждению объекта OBJ-101"}
{"ts": "2026-09-27 20:18:51", "level": "INFO", "logger": "app.audit", "message": "audit NOTIFY", "event": "NOTIFY", "ticket_id": 1, "actor": "engineer_kuznetsov", "notification_event": "CREATED", "status": "sent"}
{"ts": "2026-09-27 20:18:51", "level": "INFO", "logger": "app.audit", "message": "audit CREATED", "ticket_id": 1, "actor": "manager_ivanov", "event": "CREATED", "new_value": "UNPROCESSED", "comment": "Заявка создана по предупреждению объекта OBJ-101"}
{"ts": "2026-09-27 20:18:51", "level": "INFO", "logger": "app.audit", "message": "audit NOTIFY", "event": "NOTIFY", "ticket_id": 1, "actor": "engineer_kuznetsov", "notification_event": "CREATED", "status": "sent"}
{"ts": "2026-09-27 20:18:51", "level": "INFO", "logger": "app.audit", "message": "audit CREATED", "ticket_id": 1, "actor": "manager_ivanov", "event": "CREATED", "new_value": "UNPROCESSED", "comment": "Заявка создана по предупреждению объекта OBJ-101"}
{"ts": "2026-09-27 20:18:51", "level": "INFO", "logger": "app.audit", "message": "audit NOTIFY", "event": "NOTIFY", "ticket_id": 1, "actor": "engineer_kuznetsov", "notification_event": "CREATED", "status": "sent"}
{"ts": "2026-09-27 20:18:52", "level": "INFO", "logger": "app.audit", "message": "audit CREATED", "ticket_id": 1, "actor": "manager_ivanov", "event": "CREATED", "new_value": "UNPROCESSED", "comment": "Заявка создана по предупреждению объекта OBJ-101"}
{"ts": "2026-09-27 20:18:52", "level": "INFO", "logger": "app.audit", "message": "audit NOTIFY", "event": "NOTIFY", "ticket_id": 1, "actor": "engineer_kuznetsov", "notification_event": "CREATED", "status": "sent"}
{"ts": "2026-09-27 20:18:52", "level": "INFO", "logger": "app.audit", "message": "audit CREATED", "ticket_id": 1, "actor": "manager_ivanov", "event": "CREATED", "new_value": "UNPROCESSED", "comment": "Заявка создана по предупреждению объекта OBJ-101"}
{"ts": "2026-09-27 20:18:52", "level": "INFO", "logger": "app.audit", "message": "audit NOTIFY", "event": "NOTIFY", "ticket_id": 1, "actor": "engineer_kuznetsov", "notification_event": "CREATED", "status": "sent"}
{"ts": "2026-09-27 20:18:52", "level": "INFO", "logger": "app.audit", "message": "audit UPDATED", "ticket_id": 1, "actor": "manager_ivanov", "event": "UPDATED", "field": "title", "old_value": "Плановое ТО насоса ЦНС-180", "new_value": "Новое название заявки"}
{"ts": "2026-09-27 20:18:52", "level": "INFO", "logger": "app.audit", "message": "audit NOTIFY", "event": "NOTIFY", "ticket_id": 1, "actor": "engineer_kuznetsov", "notification_event": "UPDATED", "status": "sent"}
{"ts": "2026-09-27 20:18:52", "level": "INFO", "logger": "app.audit", "message": "audit CREATED", "ticket_id": 1, "actor": "manager_ivanov", "event": "CREATED", "new_value": "UNPROCESSED", "comment": "Заявка создана по предупреждению объекта OBJ-101"}
{"ts": "2026-09-27 20:18:52", "level": "INFO", "logger": "app.audit", "message": "audit NOTIFY", "event": "NOTIFY", "ticket_id": 1, "actor": "engineer_kuznetsov", "notification_event": "CREATED", "status": "sent"}
{"ts": "2026-09-27 20:18:52", "level": "INFO", "logger": "app.audit", "message": "audit CREATED", "ticket_id": 6, "actor": "manager_ivanov", "event": "CREATED", "new_value": "UNPROCESSED", "comment": "Заявка создана по предупреждению объекта OBJ-101"}
{"ts": "2026-09-27 20:18:52", "level": "INFO", "logger": "app.audit", "message": "audit NOTIFY", "event": "NOTIFY", "ticket_id": 6, "actor": "engineer_kuznetsov", "notification_event": "CREATED", "status": "sent"}
{"ts": "2026-09-27 20:18:52", "level": "INFO", "logger": "app.audit", "message": "audit CREATED", "ticket_id": 7, "actor": "manager_ivanov", "event": "CREATED", "new_value": "UNPROCESSED", "comment": "Заявка создана по предупреждению объекта OBJ-101"}
{"ts": "2026-09-27 20:18:52", "level": "INFO", "logger": "app.audit", "message": "audit NOTIFY", "event": "NOTIFY", "ticket_id": 7, "actor": "engineer_kuznetsov", "notification_event": "CREATED", "status": "sent"}
{"ts": "2026-09-27 20:18:52", "level": "INFO", "logger": "app.audit", "message": "audit CREATED", "ticket_id": 8, "actor": "manager_ivanov", "event": "CREATED", "new_value": "UNPROCESSED", "comment": "Заявка создана по предупреждению объекта OBJ-101"}
{"ts": "2026-09-27 20:18:52", "level": "INFO", "logger": "app.audit", "message": "audit NOTIFY", "event": "NOTIFY", "ticket_id": 8, "actor": "engineer_kuznetsov", "notification_event": "CREATED", "status": "sent"}
{"ts": "2026-09-27 20:19:03", "level": "INFO", "logger": "app.audit", "message": "audit CREATED", "ticket_id": 1, "actor": "manager_ivanov", "event": "CREATED", "new_value": "UNPROCESSED", "comment": "Заявка создана по предупреждению объекта OBJ-101"}
{"ts": "2026-09-27 20:19:03", "level": "INFO", "logger": "app.audit", "message": "audit NOTIFY", "event": "NOTIFY", "ticket_id": 1, "actor": "engineer_kuznetsov", "notification_event": "CREATED", "status": "sent"}
{"ts": "2026-09-27 20:19:03", "level": "INFO", "logger": "app.audit", "message": "audit CREATED", "ticket_id": 1, "actor": "manager_ivanov", "event": "CREATED", "new_value": "UNPROCESSED", "comment": "Заявка создана по предупреждению объекта OBJ-101"}
{"ts": "2026-09-27 20:19:03", "level": "INFO", "logger": "app.audit", "message": "audit NOTIFY", "event": "NOTIFY", "ticket_id": 1, "actor": "engineer_kuznetsov", "notification_event": "CREATED", "status": "sent"}
{"ts": "2026-09-27 20:19:03", "level": "INFO", "logger": "app.audit", "message": "audit CREATED", "ticket_id": 1, "actor": "manager_ivanov", "event": "CREATED", "new_value": "UNPROCESSED", "comment": "Заявка создана по предупреждению объекта OBJ-101"}
{"ts": "2026-09-27 20:19:03", "level": "INFO", "logger": "app.audit", "message": "audit NOTIFY", "event": "NOTIFY", "ticket_id": 1, "actor": "engineer_kuznetsov", "notification_event": "CREATED", "status": "sent"}
{"ts": "2026-09-27 20:19:03", "level": "INFO", "logger": "app.audit", "message": "audit CREATED", "ticket_id": 1, "actor": "manager_ivanov", "event": "CREATED", "new_value": "UNPROCESSED", "comment": "Заявка создана по предупреждению объекта OBJ-101"}
{"ts": "2026-09-27 20:19:03", "level": "INFO", "logger": "app.audit", "message": "audit NOTIFY", "event": "NOTIFY", "ticket_id": 1, "actor": "ghost_user", "notification_event": "CREATED", "status": "sent"}
{"ts": "2026-09-27 20:19:03", "level": "INFO", "logger": "app.audit", "message": "audit CREATED", "ticket_id": 1, "actor": "manager_ivanov", "event": "CREATED", "new_value": "UNPROCESSED", "comment": "Заявка создана по предупреждению объекта OBJ-101"}
{"ts": "2026-09-27 20:19:03", "level": "INFO", "logger": "app.audit", "message": "audit NOTIFY", "event": "NOTIFY", "ticket_id": 1, "actor": "engineer_kuznetsov", "notification_event": "CREATED", "status": "sent"}
{"ts": "2026-09-27 20:19:03", "level": "INFO", "logger": "app.audit", "message": "audit CREATED", "ticket_id": 1, "actor": "manager_ivanov", "event": "CREATED", "new_value": "UNPROCESSED", "comment": "Заявка создана по предупреждению объекта OBJ-101"}
{"ts": "2026-09-27 20:19:03", "level": "INFO", "logger": "app.audit", "message": "audit NOTIFY", "event": "NOTIFY", "ticket_id": 1, "actor": "engineer_kuznetsov", "notification_event": "CREATED", "status": "sent"}
{"ts": "2026-09-27 20:19:03", "level": "INFO", "logger": "app.audit", "message": "audit CREATED", "ticket_id": 1, "actor": "manager_ivanov", "event": "CREATED", "new_value": "UNPROCESSED", "comment": "Заявка создана по предупреждению объекта OBJ-101"}
{"ts": "2026-09-27 20:19:03", "level": "INFO", "logger": "app.audit", "message": "audit NOTIFY", "event": "NOTIFY", "ticket_id": 1, "actor": "engineer_kuznetsov", "notification_event": "CREATED", "status": "sent"}
{"ts": "2026-09-27 20:19:03", "level": "INFO", "logger": "app.audit", "message": "audit CREATED", "ticket_id": 1, "actor": "manager_ivanov", "event": "CREATED", "new_value": "UNPROCESSED", "comment": "Заявка создана по предупреждению объекта OBJ-101"}
{"ts": "2026-09-27 20:19:03", "level": "INFO", "logger": "app.audit", "message": "audit NOTIFY", "event": "NOTIFY", "ticket_id": 1, "actor": "engineer_kuznetsov", "notification_event": "CREATED", "status": "sent"}
{"ts": "2026-09-27 20:19:03", "level": "INFO", "logger": "app.audit", "message": "audit CREATED", "ticket_id": 1, "actor": "manager_ivanov", "event": "CREATED", "new_value": "UNPROCESSED", "comment": "Заявка создана по предупреждению объекта OBJ-101"}
{"ts": "2026-09-27 20:19:03", "level": "INFO", "logger": "app.audit", "message": "audit NOTIFY", "event": "NOTIFY", "ticket_id": 1, "actor": "engineer_kuznetsov", "notification_event": "CREATED", "status": "sent"}
{"ts": "2026-09-27 20:19:03", "level": "INFO", "logger": "app.audit", "message": "audit UPDATED", "ticket_id": 1, "actor": "manager_ivanov", "event": "UPDATED", "field": "title", "old_value": "Плановое ТО насоса ЦНС-180", "new_value": "Новое название заявки"}
{"ts": "2026-09-27 20:19:03", "level": "INFO", "logger": "app.audit", "message": "audit NOTIFY", "event": "NOTIFY", "ticket_id": 1, "actor": "engineer_kuznetsov", "notification_event": "UPDATED", "status": "sent"}
{"ts": "2026-09-27 20:19:03", "level": "INFO", "logger": "app.audit", "message": "audit CREATED", "ticket_id": 1, "actor": "manager_ivanov", "event": "CREATED", "new_value": "UNPROCESSED", "comment": "Заявка создана по предупреждению объекта OBJ-101"}
{"ts": "2026-09-27 20:19:03", "level": "INFO", "logger": "app.audit", "message": "audit NOTIFY", "event": "NOTIFY", "ticket_id": 1, "actor": "engineer_kuznetsov", "notification_event": "CREATED", "status": "sent"}
{"ts": "2026-09-27 20:19:03", "level": "INFO", "logger": "app.audit", "message": "audit CREATED", "ticket_id": 9, "actor": "manager_ivanov", "event": "CREATED", "new_value": "UNPROCESSED", "comment": "Заявка создана по предупреждению объекта OBJ-101"}
{"ts": "2026-09-27 20:19:03", "level": "INFO", "logger": "app.audit", "message": "audit NOTIFY", "event": "NOTIFY", "ticket_id": 9, "actor": "engineer_kuznetsov", "notification_event": "CREATED", "status": "sent"}
{"ts": "2026-09-27 20:19:03", "level": "INFO", "logger": "app.audit", "message": "audit CREATED", "ticket_id": 10, "actor": "manager_ivanov", "event": "CREATED", "new_value": "UNPROCESSED", "comment": "Заявка создана по предупреждению объекта OBJ-101"}
{"ts": "2026-09-27 20:19:03", "level": "INFO", "logger": "app.audit", "message": "audit NOTIFY", "event": "NOTIFY", "ticket_id": 10, "actor": "engineer_kuznetsov", "notification_event": "CREATED", "status": "sent"}
{"ts": "2026-09-27 20:19:03", "level": "INFO", "logger": "app.audit", "message": "audit CREATED", "ticket_id": 11, "actor": "manager_ivanov", "event": "CREATED", "new_value": "UNPROCESSED", "comment": "Заявка создана по предупреждению объекта OBJ-101"}
{"ts": "2026-09-27 20:19:03", "level": "INFO", "logger": "app.audit", "message": "audit NOTIFY", "event": "NOTIFY", "ticket_id": 11, "actor": "engineer_kuznetsov", "notification_event": "CREATED", "status": "sent"}
{"ts": "2026-09-27 20:19:08", "level": "INFO", "logger": "app.audit", "message": "audit CREATED", "ticket_id": 1, "actor": "manager_ivanov", "event": "CREATED", "new_value": "UNPROCESSED", "comment": "Заявка создана по предупреждению объекта OBJ-101"}
{"ts": "2026-09-27 20:19:08", "level": "INFO", "logger": "app.audit", "message": "audit NOTIFY", "event": "NOTIFY", "ticket_id": 1, "actor": "engineer_kuznetsov", "notification_event": "CREATED", "status": "sent"}
{"ts": "2026-09-27 20:19:08", "level": "INFO", "logger": "app.audit", "message": "audit CREATED", "ticket_id": 1, "actor": "manager_ivanov", "event": "CREATED", "new_value": "UNPROCESSED", "comment": "Заявка создана по предупреждению объекта OBJ-101"}
{"ts": "2026-09-27 20:19:08", "level": "INFO", "logger": "app.audit", "message": "audit NOTIFY", "event": "NOTIFY", "ticket_id": 1, "actor": "engineer_kuznetsov", "notification_event": "CREATED", "status": "sent"}
{"ts": "2026-09-27 20:19:08", "level": "INFO", "logger": "app.audit", "message": "audit CREATED", "ticket_id": 1, "actor": "manager_ivanov", "event": "CREATED", "new_value": "UNPROCESSED", "comment": "Заявка создана по предупреждению объекта OBJ-101"}
{"ts": "2026-09-27 20:19:08", "level": "INFO", "logger": "app.audit", "message": "audit NOTIFY", "event": "NOTIFY", "ticket_id": 1, "actor": "engineer_kuznetsov", "notification_event": "CREATED", "status": "sent"}
{"ts": "2026-09-27 20:19:08", "level": "INFO", "logger": "app.audit", "message": "audit CREATED", "ticket_id": 1, "actor": "manager_ivanov", "event": "CREATED", "new_value": "UNPROCESSED", "comment": "Заявка создана по предупреждению объекта OBJ-101"}
{"ts": "2026-09-27 20:19:08", "level": "INFO", "logger": "app.audit", "message": "audit NOTIFY", "event": "NOTIFY", "ticket_id": 1, "actor": "ghost_user", "notification_event": "CREATED", "status": "sent"}
{"ts": "2026-09-27 20:19:08", "level": "INFO", "logger": "app.audit", "message": "audit CREATED", "ticket_id": 1, "actor": "manager_ivanov", "event": "CREATED", "new_value": "UNPROCESSED", "comment": "Заявка создана по предупреждению объекта OBJ-101"}
{"ts": "2026-09-27 20:19:08", "level": "INFO", "logger": "app.audit", "message": "audit NOTIFY", "event": "NOTIFY", "ticket_id": 1, "actor": "engineer_kuznetsov", "notification_event": "CREATED", "status": "sent"}
{"ts": "2026-09-27 20:19:08", "level": "INFO", "logger": "app.audit", "message": "audit CREATED", "ticket_id": 1, "actor": "manager_ivanov", "event": "CREATED", "new_value": "UNPROCESSED", "comment": "Заявка создана по предупреждению объекта OBJ-101"}
{"ts": "2026-09-27 20:19:08", "level": "INFO", "logger": "app.audit", "message": "audit NOTIFY", "event": "NOTIFY", "ticket_id": 1, "actor": "engineer_kuznetsov", "notification_event": "CREATED", "status": "sent"}
{"ts": "2026-09-27 20:19:08", "level": "INFO", "logger": "app.audit", "message": "audit CREATED", "ticket_id": 1, "actor": "manager_ivanov", "event": "CREATED", "new_value": "UNPROCESSED", "comment": "Заявка создана по предупреждению объекта OBJ-101"}
{"ts": "2026-09-27 20:19:08", "level": "INFO", "logger": "app.audit", "message": "audit NOTIFY", "event": "NOTIFY", "ticket_id": 1, "actor": "engineer_kuznetsov", "notification_event": "CREATED", "status": "sent"}
{"ts": "2026-09-27 20:19:08", "level": "INFO", "logger": "app.audit", "message": "audit CREATED", "ticket_id": 1, "actor": "manager_ivanov", "event": "CREATED", "new_value": "UNPROCESSED", "comment": "Заявка создана по предупреждению объекта OBJ-101"}
{"ts": "2026-09-27 20:19:08", "level": "INFO", "logger": "app.audit", "message": "audit NOTIFY", "event": "NOTIFY", "ticket_id": 1, "actor": "engineer_kuznetsov", "notification_event": "CREATED", "status": "sent"}
{"ts": "2026-09-27 20:19:08", "level": "INFO", "logger": "app.audit", "message": "audit CREATED", "ticket_id": 1, "actor": "manager_ivanov", "event": "CREATED", "new_value": "UNPROCESSED", "comment": "Заявка создана по предупреждению объекта OBJ-101"}
{"ts": "2026-09-27 20:19:08", "level": "INFO", "logger": "app.audit", "message": "audit NOTIFY", "event": "NOTIFY", "ticket_id": 1, "actor": "engineer_kuznetsov", "notification_event": "CREATED", "status": "sent"}
{"ts": "2026-09-27 20:19:08", "level": "INFO", "logger": "app.audit", "message": "audit UPDATED", "ticket_id": 1, "actor": "manager_ivanov", "event": "UPDATED", "field": "title", "old_value": "Плановое ТО насоса ЦНС-180", "new_value": "Новое название заявки"}
{"ts": "2026-09-27 20:19:08", "level": "INFO", "logger": "app.audit", "message": "audit NOTIFY", "event": "NOTIFY", "ticket_id": 1, "actor": "engineer_kuznetsov", "notification_event": "UPDATED", "status": "sent"}
{"ts": "2026-09-27 20:19:08", "level": "INFO", "logger": "app.audit", "message": "audit CREATED", "ticket_id": 1, "actor": "manager_ivanov", "event": "CREATED", "new_value": "UNPROCESSED", "comment": "Заявка создана по предупреждению объекта OBJ-101"}
{"ts": "2026-09-27 20:19:08", "level": "INFO", "logger": "app.audit", "message": "audit NOTIFY", "event": "NOTIFY", "ticket_id": 1, "actor": "engineer_kuznetsov", "notification_event": "CREATED", "status": "sent"}
{"ts": "2026-09-27 20:19:08", "level": "INFO", "logger": "app.audit", "message": "audit CREATED", "ticket_id": 12, "actor": "manager_ivanov", "event": "CREATED", "new_value": "UNPROCESSED", "comment": "Заявка создана по предупреждению объекта OBJ-101"}
{"ts": "2026-09-27 20:19:08", "level": "INFO", "logger": "app.audit", "message": "audit NOTIFY", "event": "NOTIFY", "ticket_id": 12, "actor": "engineer_kuznetsov", "notification_event": "CREATED", "status": "sent"}
{"ts": "2026-09-27 20:19:08", "level": "INFO", "logger": "app.audit", "message": "audit CREATED", "ticket_id": 13, "actor": "manager_ivanov", "event": "CREATED", "new_value": "UNPROCESSED", "comment": "Заявка создана по предупреждению объекта OBJ-101"}
{"ts": "2026-09-27 20:19:08", "level": "INFO", "logger": "app.audit", "message": "audit NOTIFY", "event": "NOTIFY", "ticket_id": 13, "actor": "engineer_kuznetsov", "notification_event": "CREATED", "status": "sent"}
{"ts": "2026-09-27 20:19:08", "level": "INFO", "logger": "app.audit", "message": "audit CREATED", "ticket_id": 14, "actor": "manager_ivanov", "event": "CREATED", "new_value": "UNPROCESSED", "comment": "Заявка создана по предупреждению объекта OBJ-101"}
{"ts": "2026-09-27 20:19:08", "level": "INFO", "logger": "app.audit", "message": "audit NOTIFY", "event": "NOTIFY", "ticket_id": 14, "actor": "engineer_kuznetsov", "notification_event": "CREATED", "status": "sent"}
{"ts": "2026-09-27 20:19:55", "level": "INFO", "logger": "app.audit", "message": "audit CREATED", "ticket_id": 1, "actor": "manager_ivanov", "event": "CREATED", "new_value": "UNPROCESSED", "comment": "Заявка создана по предупреждению объекта OBJ-101"}
{"ts": "2026-09-27 20:19:55", "level": "INFO", "logger": "app.audit", "message": "audit NOTIFY", "event": "NOTIFY", "ticket_id": 1, "actor": "engineer_kuznetsov", "notification_event": "CREATED", "status": "sent"}
{"ts": "2026-09-27 20:19:55", "level": "INFO", "logger": "app.audit", "message": "audit CREATED", "ticket_id": 1, "actor": "manager_ivanov", "event": "CREATED", "new_value": "UNPROCESSED", "comment": "Заявка создана по предупреждению объекта OBJ-101"}
{"ts": "2026-09-27 20:19:55", "level": "INFO", "logger": "app.audit", "message": "audit NOTIFY", "event": "NOTIFY", "ticket_id": 1, "actor": "engineer_kuznetsov", "notification_event": "CREATED", "status": "sent"}
{"ts": "2026-09-27 20:19:55", "level": "INFO", "logger": "app.audit", "message": "audit CREATED", "ticket_id": 1, "actor": "manager_ivanov", "event": "CREATED", "new_value": "UNPROCESSED", "comment": "Заявка создана по предупреждению объекта OBJ-101"}
{"ts": "2026-09-27 20:19:55", "level": "INFO", "logger": "app.audit", "message": "audit NOTIFY", "event": "NOTIFY", "ticket_id": 1, "actor": "engineer_kuznetsov", "notification_event": "CREATED", "status": "sent"}
{"ts": "2026-09-27 20:19:55", "level": "INFO", "logger": "app.audit", "message": "audit CREATED", "ticket_id": 1, "actor": "manager_ivanov", "event": "CREATED", "new_value": "UNPROCESSED", "comment": "Заявка создана по предупреждению объекта OBJ-101"}
{"ts": "2026-09-27 20:19:55", "level": "INFO", "logger": "app.audit", "message": "audit NOTIFY", "event": "NOTIFY", "ticket_id": 1, "actor": "ghost_user", "notification_event": "CREATED", "status": "sent"}
{"ts": "2026-09-27 20:19:55", "level": "INFO", "logger": "app.audit", "message": "audit CREATED", "ticket_id": 1, "actor": "manager_ivanov", "event": "CREATED", "new_value": "UNPROCESSED", "comment": "Заявка создана по предупреждению объекта OBJ-101"}
{"ts": "2026-09-27 20:19:55", "level": "INFO", "logger": "app.audit", "message": "audit NOTIFY", "event": "NOTIFY", "ticket_id": 1, "actor": "engineer_kuznetsov", "notification_event": "CREATED", "status": "sent"}
{"ts": "2026-09-27 20:19:55", "level": "INFO", "logger": "app.audit", "message": "audit CREATED", "ticket_id": 1, "actor": "manager_ivanov", "event": "CREATED", "new_value": "UNPROCESSED", "comment": "Заявка создана по предупреждению объекта OBJ-101"}
{"ts": "2026-09-27 20:19:55", "level": "INFO", "logger": "app.audit", "message": "audit NOTIFY", "event": "NOTIFY", "ticket_id": 1, "actor": "engineer_kuznetsov", "notification_event": "CREATED", "status": "sent"}
{"ts": "2026-09-27 20:19:55", "level": "INFO", "logger": "app.audit", "message": "audit CREATED", "ticket_id": 1, "actor": "manager_ivanov", "event": "CREATED", "new_value": "UNPROCESSED", "comment": "Заявка создана по предупреждению объекта OBJ-101"}
{"ts": "2026-09-27 20:19:55", "level": "INFO", "logger": "app.audit", "message": "audit NOTIFY", "event": "NOTIFY", "ticket_id": 1, "actor": "engineer_kuznetsov", "notification_event": "CREATED", "status": "sent"}
{"ts": "2026-09-27 20:19:55", "level": "INFO", "logger": "app.audit", "message": "audit CREATED", "ticket_id": 1, "actor": "manager_ivanov", "event": "CREATED", "new_value": "UNPROCESSED", "comment": "Заявка создана по предупреждению объекта OBJ-101"}
{"ts": "2026-09-27 20:19:55", "level": "INFO", "logger": "app.audit", "message": "audit NOTIFY", "event": "NOTIFY", "ticket_id": 1, "actor": "engineer_kuznetsov", "notification_event": "CREATED", "status": "sent"}
{"ts": "2026-09-27 20:19:55", "level": "INFO", "logger": "app.audit", "message": "audit CREATED", "ticket_id": 1, "actor": "manager_ivanov", "event": "CREATED", "new_value": "UNPROCESSED", "comment": "Заявка создана по предупреждению объекта OBJ-101"}
{"ts": "2026-09-27 20:19:55", "level": "INFO", "logger": "app.audit", "message": "audit NOTIFY", "event": "NOTIFY", "ticket_id": 1, "actor": "engineer_kuznetsov", "notification_event": "CREATED", "status": "sent"}
{"ts": "2026-09-27 20:19:55", "level": "INFO", "logger": "app.audit", "message": "audit UPDATED", "ticket_id": 1, "actor": "manager_ivanov", "event": "UPDATED", "field": "title", "old_value": "Плановое ТО насоса ЦНС-180", "new_value": "Новое название заявки"}
{"ts": "2026-09-27 20:19:55", "level": "INFO", "logger": "app.audit", "message": "audit NOTIFY", "event": "NOTIFY", "ticket_id": 1, "actor": "engineer_kuznetsov", "notification_event": "UPDATED", "status": "sent"}
{"ts": "2026-09-27 20:19:55", "level": "INFO", "logger": "app.audit", "message": "audit CREATED", "ticket_id": 1, "actor": "manager_ivanov", "event": "CREATED", "new_value": "UNPROCESSED", "comment": "Заявка создана по предупреждению объекта OBJ-101"}
{"ts": "2026-09-27 20:19:55", "level": "INFO", "logger": "app.audit", "message": "audit NOTIFY", "event": "NOTIFY", "ticket_id": 1, "actor": "engineer_kuznetsov", "notification_event": "CREATED", "status": "sent"}
{"ts": "2026-09-27 20:19:55", "level": "INFO", "logger": "app.audit", "message": "audit CREATED", "ticket_id": 15, "actor": "manager_ivanov", "event": "CREATED", "new_value": "UNPROCESSED", "comment": "Заявка создана по предупреждению объекта OBJ-101"}
{"ts": "2026-09-27 20:19:55", "level": "INFO", "logger": "app.audit", "message": "audit NOTIFY", "event": "NOTIFY", "ticket_id": 15, "actor": "engineer_kuznetsov", "notification_event": "CREATED", "status": "sent"}
{"ts": "2026-09-27 20:19:55", "level": "INFO", "logger": "app.audit", "message": "audit CREATED", "ticket_id": 16, "actor": "manager_ivanov", "event": "CREATED", "new_value": "UNPROCESSED", "comment": "Заявка создана по предупреждению объекта OBJ-101"}
{"ts": "2026-09-27 20:19:55", "level": "INFO", "logger": "app.audit", "message": "audit NOTIFY", "event": "NOTIFY", "ticket_id": 16, "actor": "engineer_kuznetsov", "notification_event": "CREATED", "status": "sent"}
{"ts": "2026-09-27 20:19:55", "level": "INFO", "logger": "app.audit", "message": "audit CREATED", "ticket_id": 17, "actor": "manager_ivanov", "event": "CREATED", "new_value": "UNPROCESSED", "comment": "Заявка создана по предупреждению объекта OBJ-101"}
{"ts": "2026-09-27 20:19:55", "level": "INFO", "logger": "app.audit", "message": "audit NOTIFY", "event": "NOTIFY", "ticket_id": 17, "actor": "engineer_kuznetsov", "notification_event": "CREATED", "status": "sent"}
{"ts": "2026-09-27 20:20:44", "level": "INFO", "logger": "app.audit", "message": "audit CREATED", "ticket_id": 1, "actor": "manager_ivanov", "event": "CREATED", "new_value": "UNPROCESSED", "comment": "Заявка создана по предупреждению объекта OBJ-101"}
{"ts": "2026-09-27 20:20:44", "level": "INFO", "logger": "app.audit", "message": "audit NOTIFY", "event": "NOTIFY", "ticket_id": 1, "actor": "engineer_kuznetsov", "notification_event": "CREATED", "status": "sent"}
{"ts": "2026-09-27 20:20:44", "level": "INFO", "logger": "app.audit", "message": "audit CREATED", "ticket_id": 1, "actor": "manager_ivanov", "event": "CREATED", "new_value": "UNPROCESSED", "comment": "Заявка создана по предупреждению объекта OBJ-101"}
{"ts": "2026-09-27 20:20:44", "level": "INFO", "logger": "app.audit", "message": "audit NOTIFY", "event": "NOTIFY", "ticket_id": 1, "actor": "engineer_kuznetsov", "notification_event": "CREATED", "status": "sent"}
{"ts": "2026-09-27 20:20:44", "level": "INFO", "logger": "app.audit", "message": "audit CREATED", "ticket_id": 1, "actor": "manager_ivanov", "event": "CREATED", "new_value": "UNPROCESSED", "comment": "Заявка создана по предупреждению объекта OBJ-101"}
{"ts": "2026-09-27 20:20:44", "level": "INFO", "logger": "app.audit", "message": "audit NOTIFY", "event": "NOTIFY", "ticket_id": 1, "actor": "engineer_kuznetsov", "notification_event": "CREATED", "status": "sent"}
{"ts": "2026-09-27 20:20:44", "level": "INFO", "logger": "app.audit", "message": "audit CREATED", "ticket_id": 1, "actor": "manager_ivanov", "event": "CREATED", "new_value": "UNPROCESSED", "comment": "Заявка создана по предупреждению объекта OBJ-101"}
{"ts": "2026-09-27 20:20:44", "level": "INFO", "logger": "app.audit", "message": "audit NOTIFY", "event": "NOTIFY", "ticket_id": 1, "actor": "ghost_user", "notification_event": "CREATED", "status": "sent"}
{"ts": "2026-09-27 20:20:44", "level": "INFO", "logger": "app.audit", "message": "audit CREATED", "ticket_id": 1, "actor": "manager_ivanov", "event": "CREATED", "new_value": "UNPROCESSED", "comment": "Заявка создана по предупреждению объекта OBJ-101"}
{"ts": "2026-09-27 20:20:44", "level": "INFO", "logger": "app.audit", "message": "audit NOTIFY", "event": "NOTIFY", "ticket_id": 1, "actor": "engineer_kuznetsov", "notification_event": "CREATED", "status": "sent"}
{"ts": "2026-09-27 20:20:44", "level": "INFO", "logger": "app.audit", "message": "audit CREATED", "ticket_id": 1, "actor": "manager_ivanov", "event": "CREATED", "new_value": "UNPROCESSED", "comment": "Заявка создана по предупреждению объекта OBJ-101"}
{"ts": "2026-09-27 20:20:44", "level": "INFO", "logger": "app.audit", "message": "audit NOTIFY", "event": "NOTIFY", "ticket_id": 1, "actor": "engineer_kuznetsov", "notification_event": "CREATED", "status": "sent"}
{"ts": "2026-09-27 20:20:44", "level": "INFO", "logger": "app.audit", "message": "audit CREATED", "ticket_id": 1, "actor": "manager_ivanov", "event": "CREATED", "new_value": "UNPROCESSED", "comment": "Заявка создана по предупреждению объекта OBJ-101"}
{"ts": "2026-09-27 20:20:44", "level": "INFO", "logger": "app.audit", "message": "audit NOTIFY", "event": "NOTIFY", "ticket_id": 1, "actor": "engineer_kuznetsov", "notification_event": "CREATED", "status": "sent"}
{"ts": "2026-09-27 20:20:44", "level": "INFO", "logger": "app.audit", "message": "audit CREATED", "ticket_id": 1, "actor": "manager_ivanov", "event": "CREATED", "new_value": "UNPROCESSED", "comment": "Заявка создана по предупреждению объекта OBJ-101"}
{"ts": "2026-09-27 20:20:44", "level": "INFO", "logger": "app.audit", "message": "audit NOTIFY", "event": "NOTIFY", "ticket_id": 1, "actor": "engineer_kuznetsov", "notification_event": "CREATED", "status": "sent"}
{"ts": "2026-09-27 20:20:44", "level": "INFO", "logger": "app.audit", "message": "audit CREATED", "ticket_id": 1, "actor": "manager_ivanov", "event": "CREATED", "new_value": "UNPROCESSED", "comment": "Заявка создана по предупреждению объекта OBJ-101"}
{"ts": "2026-09-27 20:20:44", "level": "INFO", "logger": "app.audit", "message": "audit NOTIFY", "event": "NOTIFY", "ticket_id": 1, "actor": "engineer_kuznetsov", "notification_event": "CREATED", "status": "sent"}
{"ts": "2026-09-27 20:20:44", "level": "INFO", "logger": "app.audit", "message": "audit CREATED", "ticket_id": 1, "actor": "manager_ivanov", "event": "CREATED", "new_value": "UNPROCESSED", "comment": "Заявка создана по предупреждению объекта OBJ-101"}
{"ts": "2026-09-27 20:20:44", "level": "INFO", "logger": "app.audit", "message": "audit NOTIFY", "event": "NOTIFY", "ticket_id": 1, "actor": "engineer_kuznetsov", "notification_event": "CREATED", "status": "sent"}
{"ts": "2026-09-27 20:20:44", "level": "INFO", "logger": "app.audit", "message": "audit UPDATED", "ticket_id": 1, "actor": "manager_ivanov", "event": "UPDATED", "field": "title", "old_value": "Плановое ТО насоса ЦНС-180", "new_value": "Новое название заявки"}
{"ts": "2026-09-27 20:20:44", "level": "INFO", "logger": "app.audit", "message": "audit NOTIFY", "event": "NOTIFY", "ticket_id": 1, "actor": "engineer_kuznetsov", "notification_event": "UPDATED", "status": "sent"}
{"ts": "2026-09-27 20:20:44", "level": "INFO", "logger": "app.audit", "message": "audit CREATED", "ticket_id": 1, "actor": "manager_ivanov", "event": "CREATED", "new_value": "UNPROCESSED", "comment": "Заявка создана по предупреждению объекта OBJ-101"}
{"ts": "2026-09-27 20:20:44", "level": "INFO", "logger": "app.audit", "message": "audit NOTIFY", "event": "NOTIFY", "ticket_id": 1, "actor": "engineer_kuznetsov", "notification_event": "CREATED", "status": "sent"}
{"ts": "2026-09-27 20:20:45", "level": "INFO", "logger": "app.audit", "message": "audit CREATED", "ticket_id": 18, "actor": "manager_ivanov", "event": "CREATED", "new_value": "UNPROCESSED", "comment": "Заявка создана по предупреждению объекта OBJ-101"}
{"ts": "2026-09-27 20:20:45", "level": "INFO", "logger": "app.audit", "message": "audit NOTIFY", "event": "NOTIFY", "ticket_id": 18, "actor": "engineer_kuznetsov", "notification_event": "CREATED", "status": "sent"}
{"ts": "2026-09-27 20:20:45", "level": "INFO", "logger": "app.audit", "message": "audit CREATED", "ticket_id": 19, "actor": "manager_ivanov", "event": "CREATED", "new_value": "UNPROCESSED", "comment": "Заявка создана по предупреждению объекта OBJ-101"}
{"ts": "2026-09-27 20:20:45", "level": "INFO", "logger": "app.audit", "message": "audit NOTIFY", "event": "NOTIFY", "ticket_id": 19, "actor": "engineer_kuznetsov", "notification_event": "CREATED", "status": "sent"}
{"ts": "2026-09-27 20:20:45", "level": "INFO", "logger": "app.audit", "message": "audit CREATED", "ticket_id": 20, "actor": "manager_ivanov", "event": "CREATED", "new_value": "UNPROCESSED", "comment": "Заявка создана по предупреждению объекта OBJ-101"}
{"ts": "2026-09-27 20:20:45", "level": "INFO", "logger": "app.audit", "message": "audit NOTIFY", "event": "NOTIFY", "ticket_id": 20, "actor": "engineer_kuznetsov", "notification_event": "CREATED", "status": "sent"}
{"ts": "2026-09-27 20:21:10", "level": "INFO", "logger": "app.audit", "message": "audit CREATED", "ticket_id": 1, "actor": "manager_ivanov", "event": "CREATED", "new_value": "UNPROCESSED", "comment": "Заявка создана по предупреждению объекта OBJ-101"}
{"ts": "2026-09-27 20:21:10", "level": "INFO", "logger": "app.audit", "message": "audit NOTIFY", "event": "NOTIFY", "ticket_id": 1, "actor": "engineer_kuznetsov", "notification_event": "CREATED", "status": "sent"}
{"ts": "2026-09-27 20:21:10", "level": "INFO", "logger": "app.audit", "message": "audit CREATED", "ticket_id": 1, "actor": "manager_ivanov", "event": "CREATED", "new_value": "UNPROCESSED", "comment": "Заявка создана по предупреждению объекта OBJ-101"}
{"ts": "2026-09-27 20:21:10", "level": "INFO", "logger": "app.audit", "message": "audit NOTIFY", "event": "NOTIFY", "ticket_id": 1, "actor": "engineer_kuznetsov", "notification_event": "CREATED", "status": "sent"}
{"ts": "2026-09-27 20:21:10", "level": "INFO", "logger": "app.audit", "message": "audit CREATED", "ticket_id": 1, "actor": "manager_ivanov", "event": "CREATED", "new_value": "UNPROCESSED", "comment": "Заявка создана по предупреждению объекта OBJ-101"}
{"ts": "2026-09-27 20:21:10", "level": "INFO", "logger": "app.audit", "message": "audit NOTIFY", "event": "NOTIFY", "ticket_id": 1, "actor": "engineer_kuznetsov", "notification_event": "CREATED", "status": "sent"}
{"ts": "2026-09-27 20:21:10", "level": "INFO", "logger": "app.audit", "message": "audit CREATED", "ticket_id": 1, "actor": "manager_ivanov", "event": "CREATED", "new_value": "UNPROCESSED", "comment": "Заявка создана по предупреждению объекта OBJ-101"}
{"ts": "2026-09-27 20:21:10", "level": "INFO", "logger": "app.audit", "message": "audit NOTIFY", "event": "NOTIFY", "ticket_id": 1, "actor": "ghost_user", "notification_event": "CREATED", "status": "sent"}
{"ts": "2026-09-27 20:21:10", "level": "INFO", "logger": "app.audit", "message": "audit CREATED", "ticket_id": 1, "actor": "manager_ivanov", "event": "CREATED", "new_value": "UNPROCESSED", "comment": "Заявка создана по предупреждению объекта OBJ-101"}
{"ts": "2026-09-27 20:21:10", "level": "INFO", "logger": "app.audit", "message": "audit NOTIFY", "event": "NOTIFY", "ticket_id": 1, "actor": "engineer_kuznetsov", "notification_event": "CREATED", "status": "sent"}
{"ts": "2026-09-27 20:21:10", "level": "INFO", "logger": "app.audit", "message": "audit CREATED", "ticket_id": 1, "actor": "manager_ivanov", "event": "CREATED", "new_value": "UNPROCESSED", "comment": "Заявка создана по предупреждению объекта OBJ-101"}
{"ts": "2026-09-27 20:21:10", "level": "INFO", "logger": "app.audit", "message": "audit NOTIFY", "event": "NOTIFY", "ticket_id": 1, "actor": "engineer_kuznetsov", "notification_event": "CREATED", "status": "sent"}
{"ts": "2026-09-27 20:21:10", "level": "INFO", "logger": "app.audit", "message": "audit CREATED", "ticket_id": 1, "actor": "manager_ivanov", "event": "CREATED", "new_value": "UNPROCESSED", "comment": "Заявка создана по предупреждению объекта OBJ-101"}
{"ts": "2026-09-27 20:21:10", "level": "INFO", "logger": "app.audit", "message": "audit NOTIFY", "event": "NOTIFY", "ticket_id": 1, "actor": "engineer_kuznetsov", "notification_event": "CREATED", "status": "sent"}
{"ts": "2026-09-27 20:21:10", "level": "INFO", "logger": "app.audit", "message": "audit CREATED", "ticket_id": 1, "actor": "manager_ivanov", "event": "CREATED", "new_value": "UNPROCESSED", "comment": "Заявка создана по предупреждению объекта OBJ-101"}
{"ts": "2026-09-27 20:21:10", "level": "INFO", "logger": "app.audit", "message": "audit NOTIFY", "event": "NOTIFY", "ticket_id": 1, "actor": "engineer_kuznetsov", "notification_event": "CREATED", "status": "sent"}
{"ts": "2026-09-27 20:21:10", "level": "INFO", "logger": "app.audit", "message": "audit CREATED", "ticket_id": 1, "actor": "manager_ivanov", "event": "CREATED", "new_value": "UNPROCESSED", "comment": "Заявка создана по предупреждению объекта OBJ-101"}
{"ts": "2026-09-27 20:21:10", "level": "INFO", "logger": "app.audit", "message": "audit NOTIFY", "event": "NOTIFY", "ticket_id": 1, "actor": "engineer_kuznetsov", "notification_event": "CREATED", "status": "sent"}
{"ts": "2026-09-27 20:21:10", "level": "INFO", "logger": "app.audit", "message": "audit CREATED", "ticket_id": 1, "actor": "manager_ivanov", "event": "CREATED", "new_value": "UNPROCESSED", "comment": "Заявка создана по предупреждению объекта OBJ-101"}
{"ts": "2026-09-27 20:21:10", "level": "INFO", "logger": "app.audit", "message": "audit NOTIFY", "event": "NOTIFY", "ticket_id": 1, "actor": "engineer_kuznetsov", "notification_event": "CREATED", "status": "sent"}
{"ts": "2026-09-27 20:21:10", "level": "INFO", "logger": "app.audit", "message": "audit UPDATED", "ticket_id": 1, "actor": "manager_ivanov", "event": "UPDATED", "field": "title", "old_value": "Плановое ТО насоса ЦНС-180", "new_value": "Новое название заявки"}
{"ts": "2026-09-27 20:21:10", "level": "INFO", "logger": "app.audit", "message": "audit NOTIFY", "event": "NOTIFY", "ticket_id": 1, "actor": "engineer_kuznetsov", "notification_event": "UPDATED", "status": "sent"}
{"ts": "2026-09-27 20:21:10", "level": "INFO", "logger": "app.audit", "message": "audit CREATED", "ticket_id": 1, "actor": "manager_ivanov", "event": "CREATED", "new_value": "UNPROCESSED", "comment": "Заявка создана по предупреждению объекта OBJ-101"}
{"ts": "2026-09-27 20:21:10", "level": "INFO", "logger": "app.audit", "message": "audit NOTIFY", "event": "NOTIFY", "ticket_id": 1, "actor": "engineer_kuznetsov", "notification_event": "CREATED", "status": "sent"}
{"ts": "2026-09-27 20:21:10", "level": "INFO", "logger": "app.audit", "message": "audit CREATED", "ticket_id": 21, "actor": "manager_ivanov", "event": "CREATED", "new_value": "UNPROCESSED", "comment": "Заявка создана по предупреждению объекта OBJ-101"}
{"ts": "2026-09-27 20:21:10", "level": "INFO", "logger": "app.audit", "message": "audit NOTIFY", "event": "NOTIFY", "ticket_id": 21, "actor": "engineer_kuznetsov", "notification_event": "CREATED", "status": "sent"}
{"ts": "2026-09-27 20:21:10", "level": "INFO", "logger": "app.audit", "message": "audit CREATED", "ticket_id": 22, "actor": "manager_ivanov", "event": "CREATED", "new_value": "UNPROCESSED", "comment": "Заявка создана по предупреждению объекта OBJ-101"}
{"ts": "2026-09-27 20:21:10", "level": "INFO", "logger": "app.audit", "message": "audit NOTIFY", "event": "NOTIFY", "ticket_id": 22, "actor": "engineer_kuznetsov", "notification_event": "CREATED", "status": "sent"}
{"ts": "2026-09-27 20:21:10", "level": "INFO", "logger": "app.audit", "message": "audit CREATED", "ticket_id": 23, "actor": "manager_ivanov", "event": "CREATED", "new_value": "UNPROCESSED", "comment": "Заявка создана по предупреждению объекта OBJ-101"}
{"ts": "2026-09-27 20:21:10", "level": "INFO", "logger": "app.audit", "message": "audit NOTIFY", "event": "NOTIFY", "ticket_id": 23, "actor": "engineer_kuznetsov", "notification_event": "CREATED", "status": "sent"}
{"ts": "2026-09-27 20:21:44", "level": "INFO", "logger": "app.audit", "message": "audit CREATED", "ticket_id": 1, "actor": "manager_ivanov", "event": "CREATED", "new_value": "UNPROCESSED", "comment": "Заявка создана по предупреждению объекта OBJ-101"}
{"ts": "2026-09-27 20:21:44", "level": "INFO", "logger": "app.audit", "message": "audit NOTIFY", "event": "NOTIFY", "ticket_id": 1, "actor": "engineer_kuznetsov", "notification_event": "CREATED", "status": "sent"}
{"ts": "2026-09-27 20:21:44", "level": "INFO", "logger": "app.audit", "message": "audit CREATED", "ticket_id": 1, "actor": "manager_ivanov", "event": "CREATED", "new_value": "UNPROCESSED", "comment": "Заявка создана по предупреждению объекта OBJ-101"}
{"ts": "2026-09-27 20:21:44", "level": "INFO", "logger": "app.audit", "message": "audit NOTIFY", "event": "NOTIFY", "ticket_id": 1, "actor": "engineer_kuznetsov", "notification_event": "CREATED", "status": "sent"}
{"ts": "2026-09-27 20:21:44", "level": "INFO", "logger": "app.audit", "message": "audit CREATED", "ticket_id": 1, "actor": "manager_ivanov", "event": "CREATED", "new_value": "UNPROCESSED", "comment": "Заявка создана по предупреждению объекта OBJ-101"}
{"ts": "2026-09-27 20:21:44", "level": "INFO", "logger": "app.audit", "message": "audit NOTIFY", "event": "NOTIFY", "ticket_id": 1, "actor": "engineer_kuznetsov", "notification_event": "CREATED", "status": "sent"}
{"ts": "2026-09-27 20:21:44", "level": "INFO", "logger": "app.audit", "message": "audit CREATED", "ticket_id": 1, "actor": "manager_ivanov", "event": "CREATED", "new_value": "UNPROCESSED", "comment": "Заявка создана по предупреждению объекта OBJ-101"}
{"ts": "2026-09-27 20:21:44", "level": "INFO", "logger": "app.audit", "message": "audit NOTIFY", "event": "NOTIFY", "ticket_id": 1, "actor": "engineer_kuznetsov", "notification_event": "CREATED", "status": "sent"}
{"ts": "2026-09-27 20:21:44", "level": "INFO", "logger": "app.audit", "message": "audit CREATED", "ticket_id": 1, "actor": "manager_ivanov", "event": "CREATED", "new_value": "UNPROCESSED", "comment": "Заявка создана по предупреждению объекта OBJ-101"}
{"ts": "2026-09-27 20:21:44", "level": "INFO", "logger": "app.audit", "message": "audit NOTIFY", "event": "NOTIFY", "ticket_id": 1, "actor": "engineer_kuznetsov", "notification_event": "CREATED", "status": "sent"}
{"ts": "2026-09-27 20:21:44", "level": "INFO", "logger": "app.audit", "message": "audit CREATED", "ticket_id": 1, "actor": "manager_ivanov", "event": "CREATED", "new_value": "UNPROCESSED", "comment": "Заявка создана по предупреждению объекта OBJ-101"}
{"ts": "2026-09-27 20:21:44", "level": "INFO", "logger": "app.audit", "message": "audit NOTIFY", "event": "NOTIFY", "ticket_id": 1, "actor": "engineer_kuznetsov", "notification_event": "CREATED", "status": "sent"}
{"ts": "2026-09-27 20:21:44", "level": "INFO", "logger": "app.audit", "message": "audit CREATED", "ticket_id": 1, "actor": "manager_ivanov", "event": "CREATED", "new_value": "UNPROCESSED", "comment": "Заявка создана по предупреждению объекта OBJ-101"}
{"ts": "2026-09-27 20:21:44", "level": "INFO", "logger": "app.audit", "message": "audit NOTIFY", "event": "NOTIFY", "ticket_id": 1, "actor": "engineer_kuznetsov", "notification_event": "CREATED", "status": "sent"}
{"ts": "2026-09-27 20:21:44", "level": "INFO", "logger": "app.audit", "message": "audit UPDATED", "ticket_id": 1, "actor": "manager_ivanov", "event": "UPDATED", "field": "due_date", "old_value": "2026-10-02", "new_value": "2026-09-27"}
{"ts": "2026-09-27 20:21:44", "level": "INFO", "logger": "app.audit", "message": "audit NOTIFY", "event": "NOTIFY", "ticket_id": 1, "actor": "engineer_kuznetsov", "notification_event": "UPDATED", "status": "sent"}
{"ts": "2026-09-27 20:21:44", "level": "INFO", "logger": "app.audit", "message": "audit CREATED", "ticket_id": 1, "actor": "manager_ivanov", "event": "CREATED", "new_value": "UNPROCESSED", "comment": "Заявка создана по предупреждению объекта OBJ-101"}
{"ts": "2026-09-27 20:21:44", "level": "INFO", "logger": "app.audit", "message": "audit NOTIFY", "event": "NOTIFY", "ticket_id": 1, "actor": "engineer_kuznetsov", "notification_event": "CREATED", "status": "sent"}
{"ts": "2026-09-27 20:21:44", "level": "INFO", "logger": "app.audit", "message": "audit CREATED", "ticket_id": 1, "actor": "manager_ivanov", "event": "CREATED", "new_value": "UNPROCESSED", "comment": "Заявка создана по предупреждению объекта OBJ-101"}
{"ts": "2026-09-27 20:21:44", "level": "INFO", "logger": "app.audit", "message": "audit NOTIFY", "event": "NOTIFY", "ticket_id": 1, "actor": "engineer_kuznetsov", "notification_event": "CREATED", "status": "sent"}
{"ts": "2026-09-27 20:21:44", "level": "INFO", "logger": "app.audit", "message": "audit UPDATED", "ticket_id": 1, "actor": "manager_ivanov", "event": "UPDATED", "field": "title", "old_value": "Плановое ТО насоса ЦНС-180", "new_value": "Новое название заявки"}
{"ts": "2026-09-27 20:21:44", "level": "INFO", "logger": "app.audit", "message": "audit NOTIFY", "event": "NOTIFY", "ticket_id": 1, "actor": "engineer_kuznetsov", "notification_event": "UPDATED", "status": "sent"}
{"ts": "2026-09-27 20:21:44", "level": "INFO", "logger": "app.audit", "message": "audit CREATED", "ticket_id": 1, "actor": "manager_ivanov", "event": "CREATED", "new_value": "UNPROCESSED", "comment": "Заявка создана по предупреждению объекта OBJ-101"}
{"ts": "2026-09-27 20:21:44", "level": "INFO", "logger": "app.audit", "message": "audit NOTIFY", "event": "NOTIFY", "ticket_id": 1, "actor": "engineer_kuznetsov", "notification_event": "CREATED", "status": "sent"}
{"ts": "2026-09-27 20:21:44", "level": "INFO", "logger": "app.audit", "message": "audit CREATED", "ticket_id": 24, "actor": "manager_ivanov", "event": "CREATED", "new_value": "UNPROCESSED", "comment": "Заявка создана по предупреждению объекта OBJ-101"}
{"ts": "2026-09-27 20:21:44", "level": "INFO", "logger": "app.audit", "message": "audit NOTIFY", "event": "NOTIFY", "ticket_id": 24, "actor": "engineer_kuznetsov", "notification_event": "CREATED", "status": "sent"}
{"ts": "2026-09-27 20:21:44", "level": "INFO", "logger": "app.audit", "message": "audit CREATED", "ticket_id": 25, "actor": "manager_ivanov", "event": "CREATED", "new_value": "UNPROCESSED", "comment": "Заявка создана по предупреждению объекта OBJ-101"}
{"ts": "2026-09-27 20:21:44", "level": "INFO", "logger": "app.audit", "message": "audit NOTIFY", "event": "NOTIFY", "ticket_id": 25, "actor": "engineer_kuznetsov", "notification_event": "CREATED", "status": "sent"}
{"ts": "2026-09-27 20:21:44", "level": "INFO", "logger": "app.audit", "message": "audit CREATED", "ticket_id": 26, "actor": "manager_ivanov", "event": "CREATED", "new_value": "UNPROCESSED", "comment": "Заявка создана по предупреждению объекта OBJ-101"}
{"ts": "2026-09-27 20:21:44", "level": "INFO", "logger": "app.audit", "message": "audit NOTIFY", "event": "NOTIFY", "ticket_id": 26, "actor": "engineer_kuznetsov", "notification_event": "CREATED", "status": "sent"}
{"ts": "2026-09-27 20:21:50", "level": "INFO", "logger": "app.audit", "message": "audit CREATED", "ticket_id": 1, "actor": "manager_ivanov", "event": "CREATED", "new_value": "UNPROCESSED", "comment": "Заявка создана по предупреждению объекта OBJ-101"}
{"ts": "2026-09-27 20:21:50", "level": "INFO", "logger": "app.audit", "message": "audit NOTIFY", "event": "NOTIFY", "ticket_id": 1, "actor": "engineer_kuznetsov", "notification_event": "CREATED", "status": "sent"}
{"ts": "2026-09-27 20:21:50", "level": "INFO", "logger": "app.audit", "message": "audit UPDATED", "ticket_id": 1, "actor": "manager_ivanov", "event": "UPDATED", "field": "due_date", "old_value": "2026-10-02", "new_value": "2026-09-27"}
{"ts": "2026-09-27 20:21:50", "level": "INFO", "logger": "app.audit", "message": "audit NOTIFY", "event": "NOTIFY", "ticket_id": 1, "actor": "engineer_kuznetsov", "notification_event": "UPDATED", "status": "sent"}
{"ts": "2026-09-27 20:22:41", "level": "INFO", "logger": "app.audit", "message": "audit CREATED", "ticket_id": 1, "actor": "manager_ivanov", "event": "CREATED", "new_value": "UNPROCESSED", "comment": "Заявка создана по предупреждению объекта OBJ-101"}
{"ts": "2026-09-27 20:22:41", "level": "INFO", "logger": "app.audit", "message": "audit NOTIFY", "event": "NOTIFY", "ticket_id": 1, "actor": "engineer_kuznetsov", "notification_event": "CREATED", "status": "sent"}
{"ts": "2026-09-27 20:22:41", "level": "INFO", "logger": "app.audit", "message": "audit CREATED", "ticket_id": 1, "actor": "manager_ivanov", "event": "CREATED", "new_value": "UNPROCESSED", "comment": "Заявка создана по предупреждению объекта OBJ-101"}
{"ts": "2026-09-27 20:22:41", "level": "INFO", "logger": "app.audit", "message": "audit NOTIFY", "event": "NOTIFY", "ticket_id": 1, "actor": "engineer_kuznetsov", "notification_event": "CREATED", "status": "sent"}
{"ts": "2026-09-27 20:22:41", "level": "INFO", "logger": "app.audit", "message": "audit CREATED", "ticket_id": 1, "actor": "manager_ivanov", "event": "CREATED", "new_value": "UNPROCESSED", "comment": "Заявка создана по предупреждению объекта OBJ-101"}
{"ts": "2026-09-27 20:22:41", "level": "INFO", "logger": "app.audit", "message": "audit NOTIFY", "event": "NOTIFY", "ticket_id": 1, "actor": "engineer_kuznetsov", "notification_event": "CREATED", "status": "sent"}
{"ts": "2026-09-27 20:22:41", "level": "INFO", "logger": "app.audit", "message": "audit CREATED", "ticket_id": 1, "actor": "manager_ivanov", "event": "CREATED", "new_value": "UNPROCESSED", "comment": "Заявка создана по предупреждению объекта OBJ-101"}
{"ts": "2026-09-27 20:22:41", "level": "INFO", "logger": "app.audit", "message": "audit NOTIFY", "event": "NOTIFY", "ticket_id": 1, "actor": "engineer_kuznetsov", "notification_event": "CREATED", "status": "sent"}
{"ts": "2026-09-27 20:22:41", "level": "INFO", "logger": "app.audit", "message": "audit CREATED", "ticket_id": 1, "actor": "manager_ivanov", "event": "CREATED", "new_value": "UNPROCESSED", "comment": "Заявка создана по предупреждению объекта OBJ-101"}
{"ts": "2026-09-27 20:22:41", "level": "INFO", "logger": "app.audit", "message": "audit NOTIFY", "event": "NOTIFY", "ticket_id": 1, "actor": "engineer_kuznetsov", "notification_event": "CREATED", "status": "sent"}
{"ts": "2026-09-27 20:22:41", "level": "INFO", "logger": "app.audit", "message": "audit CREATED", "ticket_id": 1, "actor": "manager_ivanov", "event": "CREATED", "new_value": "UNPROCESSED", "comment": "Заявка создана по предупреждению объекта OBJ-101"}
{"ts": "2026-09-27 20:22:41", "level": "INFO", "logger": "app.audit", "message": "audit NOTIFY", "event": "NOTIFY", "ticket_id": 1, "actor": "engineer_kuznetsov", "notification_event": "CREATED", "status": "sent"}
{"ts": "2026-09-27 20:22:41", "level": "INFO", "logger": "app.audit", "message": "audit CREATED", "ticket_id": 1, "actor": "manager_ivanov", "event": "CREATED", "new_value": "UNPROCESSED", "comment": "Заявка создана по предупреждению объекта OBJ-101"}
{"ts": "2026-09-27 20:22:41", "level": "INFO", "logger": "app.audit", "message": "audit NOTIFY", "event": "NOTIFY", "ticket_id": 1, "actor": "engineer_kuznetsov", "notification_event": "CREATED", "status": "sent"}
{"ts": "2026-09-27 20:22:41", "level": "INFO", "logger": "app.audit", "message": "audit UPDATED", "ticket_id": 1, "actor": "manager_ivanov", "event": "UPDATED", "field": "due_date", "old_value": "2026-10-02", "new_value": "2026-09-27"}
{"ts": "2026-09-27 20:22:41", "level": "INFO", "logger": "app.audit", "message": "audit NOTIFY", "event": "NOTIFY", "ticket_id": 1, "actor": "engineer_kuznetsov", "notification_event": "UPDATED", "status": "sent"}
{"ts": "2026-09-27 20:22:41", "level": "INFO", "logger": "app.audit", "message": "audit CREATED", "ticket_id": 1, "actor": "manager_ivanov", "event": "CREATED", "new_value": "UNPROCESSED", "comment": "Заявка создана по предупреждению объекта OBJ-101"}
{"ts": "2026-09-27 20:22:41", "level": "INFO", "logger": "app.audit", "message": "audit NOTIFY", "event": "NOTIFY", "ticket_id": 1, "actor": "engineer_kuznetsov", "notification_event": "CREATED", "status": "sent"}
{"ts": "2026-09-27 20:22:41", "level": "INFO", "logger": "app.audit", "message": "audit CREATED", "ticket_id": 1, "actor": "manager_ivanov", "event": "CREATED", "new_value": "UNPROCESSED", "comment": "Заявка создана по предупреждению объекта OBJ-101"}
{"ts": "2026-09-27 20:22:41", "level": "INFO", "logger": "app.audit", "message": "audit NOTIFY", "event": "NOTIFY", "ticket_id": 1, "actor": "engineer_kuznetsov", "notification_event": "CREATED", "status": "sent"}
{"ts": "2026-09-27 20:22:41", "level": "INFO", "logger": "app.audit", "message": "audit UPDATED", "ticket_id": 1, "actor": "manager_ivanov", "event": "UPDATED", "field": "title", "old_value": "Плановое ТО насоса ЦНС-180", "new_value": "Новое название заявки"}
{"ts": "2026-09-27 20:22:41", "level": "INFO", "logger": "app.audit", "message": "audit NOTIFY", "event": "NOTIFY", "ticket_id": 1, "actor": "engineer_kuznetsov", "notification_event": "UPDATED", "status": "sent"}
{"ts": "2026-09-27 20:22:41", "level": "INFO", "logger": "app.audit", "message": "audit CREATED", "ticket_id": 1, "actor": "manager_ivanov", "event": "CREATED", "new_value": "UNPROCESSED", "comment": "Заявка создана по предупреждению объекта OBJ-101"}
{"ts": "2026-09-27 20:22:41", "level": "INFO", "logger": "app.audit", "message": "audit NOTIFY", "event": "NOTIFY", "ticket_id": 1, "actor": "engineer_kuznetsov", "notification_event": "CREATED", "status": "sent"}
{"ts": "2026-09-27 20:22:41", "level": "INFO", "logger": "app.audit", "message": "audit CREATED", "ticket_id": 27, "actor": "manager_ivanov", "event": "CREATED", "new_value": "UNPROCESSED", "comment": "Заявка создана по предупреждению объекта OBJ-101"}
{"ts": "2026-09-27 20:22:41", "level": "INFO", "logger": "app.audit", "message": "audit NOTIFY", "event": "NOTIFY", "ticket_id": 27, "actor": "engineer_kuznetsov", "notification_event": "CREATED", "status": "sent"}
{"ts": "2026-09-27 20:22:41", "level": "INFO", "logger": "app.audit", "message": "audit CREATED", "ticket_id": 28, "actor": "manager_ivanov", "event": "CREATED", "new_value": "UNPROCESSED", "comment": "Заявка создана по предупреждению объекта OBJ-101"}
{"ts": "2026-09-27 20:22:41", "level": "INFO", "logger": "app.audit", "message": "audit NOTIFY", "event": "NOTIFY", "ticket_id": 28, "actor": "engineer_kuznetsov", "notification_event": "CREATED", "status": "sent"}
{"ts": "2026-09-27 20:22:41", "level": "INFO", "logger": "app.audit", "message": "audit CREATED", "ticket_id": 29, "actor": "manager_ivanov", "event": "CREATED", "new_value": "UNPROCESSED", "comment": "Заявка создана по предупреждению объекта OBJ-101"}
{"ts": "2026-09-27 20:22:41", "level": "INFO", "logger": "app.audit", "message": "audit NOTIFY", "event": "NOTIFY", "ticket_id": 29, "actor": "engineer_kuznetsov", "notification_event": "CREATED", "status": "sent"}
{"ts": "2026-09-28 16:15:18", "level": "INFO", "logger": "app.audit", "message": "audit CREATED", "ticket_id": 1, "actor": "manager_ivanov", "event": "CREATED", "new_value": "UNPROCESSED", "comment": "Заявка создана по предупреждению объекта OBJ-101"}
{"ts": "2026-09-28 16:15:18", "level": "INFO", "logger": "app.audit", "message": "audit NOTIFY", "event": "NOTIFY", "ticket_id": 1, "actor": "engineer_kuznetsov", "notification_event": "CREATED", "status": "sent"}
{"ts": "2026-09-28 16:15:18", "level": "INFO", "logger": "app.audit", "message": "audit CREATED", "ticket_id": 1, "actor": "manager_ivanov", "event": "CREATED", "new_value": "UNPROCESSED", "comment": "Заявка создана по предупреждению объекта OBJ-101"}
{"ts": "2026-09-28 16:15:18", "level": "INFO", "logger": "app.audit", "message": "audit NOTIFY", "event": "NOTIFY", "ticket_id": 1, "actor": "engineer_kuznetsov", "notification_event": "CREATED", "status": "sent"}
{"ts": "2026-09-28 16:15:18", "level": "INFO", "logger": "app.audit", "message": "audit CREATED", "ticket_id": 1, "actor": "manager_ivanov", "event": "CREATED", "new_value": "UNPROCESSED", "comment": "Заявка создана по предупреждению объекта OBJ-101"}
{"ts": "2026-09-28 16:15:18", "level": "INFO", "logger": "app.audit", "message": "audit NOTIFY", "event": "NOTIFY", "ticket_id": 1, "actor": "engineer_kuznetsov", "notification_event": "CREATED", "status": "sent"}
{"ts": "2026-09-28 16:15:18", "level": "INFO", "logger": "app.audit", "message": "audit CREATED", "ticket_id": 1, "actor": "manager_ivanov", "event": "CREATED", "new_value": "UNPROCESSED", "comment": "Заявка создана по предупреждению объекта OBJ-101"}
{"ts": "2026-09-28 16:15:18", "level": "INFO", "logger": "app.audit", "message": "audit NOTIFY", "event": "NOTIFY", "ticket_id": 1, "actor": "engineer_kuznetsov", "notification_event": "CREATED", "status": "sent"}
{"ts": "2026-09-28 16:15:18", "level": "INFO", "logger": "app.audit", "message": "audit CREATED", "ticket_id": 1, "actor": "manager_ivanov", "event": "CREATED", "new_value": "UNPROCESSED", "comment": "Заявка создана по предупреждению объекта OBJ-101"}
{"ts": "2026-09-28 16:15:18", "level": "INFO", "logger": "app.audit", "message": "audit NOTIFY", "event": "NOTIFY", "ticket_id": 1, "actor": "engineer_kuznetsov", "notification_event": "CREATED", "status": "sent"}
{"ts": "2026-09-28 16:15:18", "level": "INFO", "logger": "app.audit", "message": "audit CREATED", "ticket_id": 1, "actor": "manager_ivanov", "event": "CREATED", "new_value": "UNPROCESSED", "comment": "Заявка создана по предупреждению объекта OBJ-101"}
{"ts": "2026-09-28 16:15:18", "level": "INFO", "logger": "app.audit", "message": "audit NOTIFY", "event": "NOTIFY", "ticket_id": 1, "actor": "engineer_kuznetsov", "notification_event": "CREATED", "status": "sent"}
{"ts": "2026-09-28 16:15:18", "level": "INFO", "logger": "app.audit", "message": "audit CREATED", "ticket_id": 1, "actor": "manager_ivanov", "event": "CREATED", "new_value": "UNPROCESSED", "comment": "Заявка создана по предупреждению объекта OBJ-101"}
{"ts": "2026-09-28 16:15:18", "level": "INFO", "logger": "app.audit", "message": "audit NOTIFY", "event": "NOTIFY", "ticket_id": 1, "actor": "engineer_kuznetsov", "notification_event": "CREATED", "status": "sent"}
{"ts": "2026-09-28 16:15:18", "level": "INFO", "logger": "app.audit", "message": "audit UPDATED", "ticket_id": 1, "actor": "manager_ivanov", "event": "UPDATED", "field": "due_date", "old_value": "2026-10-03", "new_value": "2026-09-28"}
{"ts": "2026-09-28 16:15:18", "level": "INFO", "logger": "app.audit", "message": "audit NOTIFY", "event": "NOTIFY", "ticket_id": 1, "actor": "engineer_kuznetsov", "notification_event": "UPDATED", "status": "sent"}
{"ts": "2026-09-28 16:15:18", "level": "INFO", "logger": "app.audit", "message": "audit CREATED", "ticket_id": 1, "actor": "manager_ivanov", "event": "CREATED", "new_value": "UNPROCESSED", "comment": "Заявка создана по предупреждению объекта OBJ-101"}
{"ts": "2026-09-28 16:15:18", "level": "INFO", "logger": "app.audit", "message": "audit NOTIFY", "event": "NOTIFY", "ticket_id": 1, "actor": "engineer_kuznetsov", "notification_event": "CREATED", "status": "sent"}
{"ts": "2026-09-28 16:15:18", "level": "INFO", "logger": "app.audit", "message": "audit CREATED", "ticket_id": 1, "actor": "manager_ivanov", "event": "CREATED", "new_value": "UNPROCESSED", "comment": "Заявка создана по предупреждению объекта OBJ-101"}
{"ts": "2026-09-28 16:15:18", "level": "INFO", "logger": "app.audit", "message": "audit NOTIFY", "event": "NOTIFY", "ticket_id": 1, "actor": "engineer_kuznetsov", "notification_event": "CREATED", "status": "sent"}
{"ts": "2026-09-28 16:15:18", "level": "INFO", "logger": "app.audit", "message": "audit UPDATED", "ticket_id": 1, "actor": "manager_ivanov", "event": "UPDATED", "field": "title", "old_value": "Плановое ТО насоса ЦНС-180", "new_value": "Новое название заявки"}
{"ts": "2026-09-28 16:15:18", "level": "INFO", "logger": "app.audit", "message": "audit NOTIFY", "event": "NOTIFY", "ticket_id": 1, "actor": "engineer_kuznetsov", "notification_event": "UPDATED", "status": "sent"}
{"ts": "2026-09-28 16:15:18", "level": "INFO", "logger": "app.audit", "message": "audit CREATED", "ticket_id": 1, "actor": "manager_ivanov", "event": "CREATED", "new_value": "UNPROCESSED", "comment": "Заявка создана по предупреждению объекта OBJ-101"}
{"ts": "2026-09-28 16:15:18", "level": "INFO", "logger": "app.audit", "message": "audit NOTIFY", "event": "NOTIFY", "ticket_id": 1, "actor": "engineer_kuznetsov", "notification_event": "CREATED", "status": "sent"}
{"ts": "2026-09-28 16:15:32", "level": "INFO", "logger": "app.audit", "message": "audit CREATED", "ticket_id": 1, "actor": "manager_ivanov", "event": "CREATED", "new_value": "UNPROCESSED", "comment": "Заявка создана по предупреждению объекта OBJ-101"}
{"ts": "2026-09-28 16:15:32", "level": "INFO", "logger": "app.audit", "message": "audit NOTIFY", "event": "NOTIFY", "ticket_id": 1, "actor": "engineer_kuznetsov", "notification_event": "CREATED", "status": "sent"}
{"ts": "2026-09-28 16:15:32", "level": "INFO", "logger": "app.audit", "message": "audit CREATED", "ticket_id": 1, "actor": "manager_ivanov", "event": "CREATED", "new_value": "UNPROCESSED", "comment": "Заявка создана по предупреждению объекта OBJ-101"}
{"ts": "2026-09-28 16:15:32", "level": "INFO", "logger": "app.audit", "message": "audit NOTIFY", "event": "NOTIFY", "ticket_id": 1, "actor": "engineer_kuznetsov", "notification_event": "CREATED", "status": "sent"}
{"ts": "2026-09-28 16:15:32", "level": "INFO", "logger": "app.audit", "message": "audit CREATED", "ticket_id": 1, "actor": "manager_ivanov", "event": "CREATED", "new_value": "UNPROCESSED", "comment": "Заявка создана по предупреждению объекта OBJ-101"}
{"ts": "2026-09-28 16:15:32", "level": "INFO", "logger": "app.audit", "message": "audit NOTIFY", "event": "NOTIFY", "ticket_id": 1, "actor": "engineer_kuznetsov", "notification_event": "CREATED", "status": "sent"}
{"ts": "2026-09-28 16:15:32", "level": "INFO", "logger": "app.audit", "message": "audit CREATED", "ticket_id": 1, "actor": "manager_ivanov", "event": "CREATED", "new_value": "UNPROCESSED", "comment": "Заявка создана по предупреждению объекта OBJ-101"}
{"ts": "2026-09-28 16:15:32", "level": "INFO", "logger": "app.audit", "message": "audit NOTIFY", "event": "NOTIFY", "ticket_id": 1, "actor": "engineer_kuznetsov", "notification_event": "CREATED", "status": "sent"}
{"ts": "2026-09-28 16:15:32", "level": "INFO", "logger": "app.audit", "message": "audit CREATED", "ticket_id": 1, "actor": "manager_ivanov", "event": "CREATED", "new_value": "UNPROCESSED", "comment": "Заявка создана по предупреждению объекта OBJ-101"}
{"ts": "2026-09-28 16:15:32", "level": "INFO", "logger": "app.audit", "message": "audit NOTIFY", "event": "NOTIFY", "ticket_id": 1, "actor": "engineer_kuznetsov", "notification_event": "CREATED", "status": "sent"}
{"ts": "2026-09-28 16:15:32", "level": "INFO", "logger": "app.audit", "message": "audit CREATED", "ticket_id": 1, "actor": "manager_ivanov", "event": "CREATED", "new_value": "UNPROCESSED", "comment": "Заявка создана по предупреждению объекта OBJ-101"}
{"ts": "2026-09-28 16:15:32", "level": "INFO", "logger": "app.audit", "message": "audit NOTIFY", "event": "NOTIFY", "ticket_id": 1, "actor": "engineer_kuznetsov", "notification_event": "CREATED", "status": "sent"}
{"ts": "2026-09-28 16:15:32", "level": "INFO", "logger": "app.audit", "message": "audit CREATED", "ticket_id": 1, "actor": "manager_ivanov", "event": "CREATED", "new_value": "UNPROCESSED", "comment": "Заявка создана по предупреждению объекта OBJ-101"}
{"ts": "2026-09-28 16:15:32", "level": "INFO", "logger": "app.audit", "message": "audit NOTIFY", "event": "NOTIFY", "ticket_id": 1, "actor": "engineer_kuznetsov", "notification_event": "CREATED", "status": "sent"}
{"ts": "2026-09-28 16:15:32", "level": "INFO", "logger": "app.audit", "message": "audit UPDATED", "ticket_id": 1, "actor": "manager_ivanov", "event": "UPDATED", "field": "due_date", "old_value": "2026-10-03", "new_value": "2026-09-28"}
{"ts": "2026-09-28 16:15:32", "level": "INFO", "logger": "app.audit", "message": "audit NOTIFY", "event": "NOTIFY", "ticket_id": 1, "actor": "engineer_kuznetsov", "notification_event": "UPDATED", "status": "sent"}
{"ts": "2026-09-28 16:15:32", "level": "INFO", "logger": "app.audit", "message": "audit CREATED", "ticket_id": 1, "actor": "manager_ivanov", "event": "CREATED", "new_value": "UNPROCESSED", "comment": "Заявка создана по предупреждению объекта OBJ-101"}
{"ts": "2026-09-28 16:15:32", "level": "INFO", "logger": "app.audit", "message": "audit NOTIFY", "event": "NOTIFY", "ticket_id": 1, "actor": "engineer_kuznetsov", "notification_event": "CREATED", "status": "sent"}
{"ts": "2026-09-28 16:15:32", "level": "INFO", "logger": "app.audit", "message": "audit CREATED", "ticket_id": 1, "actor": "manager_ivanov", "event": "CREATED", "new_value": "UNPROCESSED", "comment": "Заявка создана по предупреждению объекта OBJ-101"}
{"ts": "2026-09-28 16:15:32", "level": "INFO", "logger": "app.audit", "message": "audit NOTIFY", "event": "NOTIFY", "ticket_id": 1, "actor": "engineer_kuznetsov", "notification_event": "CREATED", "status": "sent"}
{"ts": "2026-09-28 16:15:32", "level": "INFO", "logger": "app.audit", "message": "audit UPDATED", "ticket_id": 1, "actor": "manager_ivanov", "event": "UPDATED", "field": "title", "old_value": "Плановое ТО насоса ЦНС-180", "new_value": "Новое название заявки"}
{"ts": "2026-09-28 16:15:32", "level": "INFO", "logger": "app.audit", "message": "audit NOTIFY", "event": "NOTIFY", "ticket_id": 1, "actor": "engineer_kuznetsov", "notification_event": "UPDATED", "status": "sent"}
{"ts": "2026-09-28 16:15:32", "level": "INFO", "logger": "app.audit", "message": "audit CREATED", "ticket_id": 1, "actor": "manager_ivanov", "event": "CREATED", "new_value": "UNPROCESSED", "comment": "Заявка создана по предупреждению объекта OBJ-101"}
{"ts": "2026-09-28 16:15:32", "level": "INFO", "logger": "app.audit", "message": "audit NOTIFY", "event": "NOTIFY", "ticket_id": 1, "actor": "engineer_kuznetsov", "notification_event": "CREATED", "status": "sent"}
{"ts": "2026-09-28 16:15:43", "level": "INFO", "logger": "app.audit", "message": "audit CREATED", "ticket_id": 1, "actor": "manager_ivanov", "event": "CREATED", "new_value": "UNPROCESSED", "comment": "Заявка создана по предупреждению объекта OBJ-101"}
{"ts": "2026-09-28 16:15:43", "level": "INFO", "logger": "app.audit", "message": "audit NOTIFY", "event": "NOTIFY", "ticket_id": 1, "actor": "engineer_kuznetsov", "notification_event": "CREATED", "status": "sent"}
{"ts": "2026-09-28 16:15:43", "level": "INFO", "logger": "app.audit", "message": "audit CREATED", "ticket_id": 1, "actor": "manager_ivanov", "event": "CREATED", "new_value": "UNPROCESSED", "comment": "Заявка создана по предупреждению объекта OBJ-101"}
{"ts": "2026-09-28 16:15:43", "level": "INFO", "logger": "app.audit", "message": "audit NOTIFY", "event": "NOTIFY", "ticket_id": 1, "actor": "engineer_kuznetsov", "notification_event": "CREATED", "status": "sent"}
{"ts": "2026-09-28 16:15:43", "level": "INFO", "logger": "app.audit", "message": "audit CREATED", "ticket_id": 1, "actor": "manager_ivanov", "event": "CREATED", "new_value": "UNPROCESSED", "comment": "Заявка создана по предупреждению объекта OBJ-101"}
{"ts": "2026-09-28 16:15:43", "level": "INFO", "logger": "app.audit", "message": "audit NOTIFY", "event": "NOTIFY", "ticket_id": 1, "actor": "engineer_kuznetsov", "notification_event": "CREATED", "status": "sent"}
{"ts": "2026-09-28 16:15:43", "level": "INFO", "logger": "app.audit", "message": "audit CREATED", "ticket_id": 1, "actor": "manager_ivanov", "event": "CREATED", "new_value": "UNPROCESSED", "comment": "Заявка создана по предупреждению объекта OBJ-101"}
{"ts": "2026-09-28 16:15:43", "level": "INFO", "logger": "app.audit", "message": "audit NOTIFY", "event": "NOTIFY", "ticket_id": 1, "actor": "engineer_kuznetsov", "notification_event": "CREATED", "status": "sent"}
{"ts": "2026-09-28 16:15:43", "level": "INFO", "logger": "app.audit", "message": "audit CREATED", "ticket_id": 1, "actor": "manager_ivanov", "event": "CREATED", "new_value": "UNPROCESSED", "comment": "Заявка создана по предупреждению объекта OBJ-101"}
{"ts": "2026-09-28 16:15:43", "level": "INFO", "logger": "app.audit", "message": "audit NOTIFY", "event": "NOTIFY", "ticket_id": 1, "actor": "engineer_kuznetsov", "notification_event": "CREATED", "status": "sent"}
{"ts": "2026-09-28 16:15:43", "level": "INFO", "logger": "app.audit", "message": "audit CREATED", "ticket_id": 1, "actor": "manager_ivanov", "event": "CREATED", "new_value": "UNPROCESSED", "comment": "Заявка создана по предупреждению объекта OBJ-101"}
{"ts": "2026-09-28 16:15:43", "level": "INFO", "logger": "app.audit", "message": "audit NOTIFY", "event": "NOTIFY", "ticket_id": 1, "actor": "engineer_kuznetsov", "notification_event": "CREATED", "status": "sent"}
{"ts": "2026-09-28 16:15:43", "level": "INFO", "logger": "app.audit", "message": "audit CREATED", "ticket_id": 1, "actor": "manager_ivanov", "event": "CREATED", "new_value": "UNPROCESSED", "comment": "Заявка создана по предупреждению объекта OBJ-101"}
{"ts": "2026-09-28 16:15:43", "level": "INFO", "logger": "app.audit", "message": "audit NOTIFY", "event": "NOTIFY", "ticket_id": 1, "actor": "engineer_kuznetsov", "notification_event": "CREATED", "status": "sent"}
{"ts": "2026-09-28 16:15:43", "level": "INFO", "logger": "app.audit", "message": "audit UPDATED", "ticket_id": 1, "actor": "manager_ivanov", "event": "UPDATED", "field": "due_date", "old_value": "2026-10-03", "new_value": "2026-09-28"}
{"ts": "2026-09-28 16:15:43", "level": "INFO", "logger": "app.audit", "message": "audit NOTIFY", "event": "NOTIFY", "ticket_id": 1, "actor": "engineer_kuznetsov", "notification_event": "UPDATED", "status": "sent"}
{"ts": "2026-09-28 16:16:02", "level": "INFO", "logger": "app.audit", "message": "audit CREATED", "ticket_id": 1, "actor": "manager_ivanov", "event": "CREATED", "new_value": "UNPROCESSED", "comment": "Заявка создана по предупреждению объекта OBJ-101"}
{"ts": "2026-09-28 16:16:02", "level": "INFO", "logger": "app.audit", "message": "audit NOTIFY", "event": "NOTIFY", "ticket_id": 1, "actor": "engineer_kuznetsov", "notification_event": "CREATED", "status": "sent"}
{"ts": "2026-09-28 16:16:02", "level": "INFO", "logger": "app.audit", "message": "audit UPDATED", "ticket_id": 1, "actor": "manager_ivanov", "event": "UPDATED", "field": "due_date", "old_value": "2026-10-03", "new_value": "2026-09-28"}
{"ts": "2026-09-28 16:16:02", "level": "INFO", "logger": "app.audit", "message": "audit NOTIFY", "event": "NOTIFY", "ticket_id": 1, "actor": "engineer_kuznetsov", "notification_event": "UPDATED", "status": "sent"}
